2026-10-06T10:02:07Z INF Thank you for trying Cloudflare Tunnel. Doing so, without a Cloudflare account, is a quick way to experiment and try it out. However, be aware that these account-less Tunnels have no uptime guarantee, are subject to the Cloudflare Online Services Terms of Use (https://www.cloudflare.com/website-terms/), and Cloudflare reserves the right to investigate your use of Tunnels for violations of such terms. If you intend to use Tunnels in production you should use a pre-created named tunnel by following: https://developers.cloudflare.com/cloudflare-one/connections/connect-apps
2026-10-06T10:02:07Z INF Requesting new quick Tunnel on trycloudflare.com...
2026-10-06T10:02:13Z INF +--------------------------------------------------------------------------------------------+
2026-10-06T10:02:13Z INF |  Your quick Tunnel has been created! Visit it at (it may take some time to be reachable):  |
2026-10-06T10:02:13Z INF |  https://underground-update-nuclear-fallen.trycloudflare.com                               |
2026-10-06T10:02:13Z INF +--------------------------------------------------------------------------------------------+
2026-10-06T10:02:13Z INF Cannot determine default configuration path. No file [config.yml config.yaml] in [~/.cloudflared ~/.cloudflare-warp ~/cloudflare-warp]
2026-10-06T10:02:13Z INF Version 2026.9.3 (Checksum f096265ec2fcbe9bb6e2d64268db167ced3fcbb83d894bdb9e2fcdb26f2ea7e2)
2026-10-06T10:02:13Z INF GOOS: windows, GOVersion: go1.26.8, GoArch: amd64
2026-10-06T10:02:13Z INF Settings: map[ha-connections:1 protocol:quic url:http://127.0.0.1:5173]
2026-10-06T10:02:13Z INF cloudflared will not automatically update on Windows systems.
2026-10-06T10:02:13Z INF Generated Connector ID: 23ae5534-4cd0-4973-82c3-4a923beae174
2026-10-06T10:02:13Z INF Initial protocol quic
2026-10-06T10:02:13Z INF ICMP proxy will use 192.168.100.26 as source for IPv4
2026-10-06T10:02:13Z INF ICMP proxy will use fe80::c65d:84a5:a3da:a8b4 in zone Wi-Fi as source for IPv6
2026-10-06T10:02:14Z INF cloudflared does not support loading the system root certificate pool on Windows. Please use --origin-ca-pool <PATH> to specify the path to the certificate pool
2026-10-06T10:02:14Z INF ICMP proxy will use 192.168.100.26 as source for IPv4
2026-10-06T10:02:14Z INF Tunnel connection curve preferences: [X25519MLKEM768 CurveID(65074) CurveP256] connIndex=0 event=0 ip=198.41.192.167
2026-10-06T10:02:14Z INF ICMP proxy will use fe80::c65d:84a5:a3da:a8b4 in zone Wi-Fi as source for IPv6
2026-10-06T10:02:14Z INF Starting metrics server on 127.0.0.1:20241/metrics
2026-10-06T10:02:15Z INF Registered tunnel connection connIndex=0 connection=8059a781-3304-4571-a7a1-9154cdf11a90 event=0 ip=198.41.192.167 location=khi01 protocol=quic
2026-10-06T10:02:16Z INF +-------------------------------------------------------------------------------------+
2026-10-06T10:02:16Z INF |                               CONNECTIVITY PRE-CHECKS                               |
2026-10-06T10:02:16Z INF +-------------------------------------------------------------------------------------+
2026-10-06T10:02:16Z INF |  COMPONENT         TARGET                     STATUS  DETAILS                       |
2026-10-06T10:02:16Z INF |  DNS Resolution    region1.v2.argotunnel.com  PASS    DNS Resolved successfully     |
2026-10-06T10:02:16Z INF |  DNS Resolution    region2.v2.argotunnel.com  PASS    DNS Resolved successfully     |
2026-10-06T10:02:16Z INF |  UDP Connectivity  region1.v2.argotunnel.com  PASS    QUIC connection successful    |
2026-10-06T10:02:16Z INF |  UDP Connectivity  region2.v2.argotunnel.com  PASS    QUIC connection successful    |
2026-10-06T10:02:16Z INF |  TCP Connectivity  region1.v2.argotunnel.com  PASS    HTTP/2 connection successful  |
2026-10-06T10:02:16Z INF |  TCP Connectivity  region2.v2.argotunnel.com  PASS    HTTP/2 connection successful  |
2026-10-06T10:02:16Z INF |  Cloudflare API    api.cloudflare.com:443     PASS    API is reachable              |
2026-10-06T10:02:16Z INF |                                                                                     |
2026-10-06T10:02:16Z INF |  SUMMARY: Environment is healthy. cloudflared will use 'quic' as primary protocol.  |
2026-10-06T10:02:16Z INF +-------------------------------------------------------------------------------------+
2026-10-06T10:02:16Z INF precheck component="DNS Resolution" details="DNS Resolved successfully" run_id=8cf15e28-a69d-48ea-8b23-0ea6fc01c271 status=pass target=region1.v2.argotunnel.com
2026-10-06T10:02:16Z INF precheck component="DNS Resolution" details="DNS Resolved successfully" run_id=8cf15e28-a69d-48ea-8b23-0ea6fc01c271 status=pass target=region2.v2.argotunnel.com
2026-10-06T10:02:16Z INF precheck component="UDP Connectivity" details="QUIC connection successful" run_id=8cf15e28-a69d-48ea-8b23-0ea6fc01c271 status=pass target=region1.v2.argotunnel.com
2026-10-06T10:02:16Z INF precheck component="UDP Connectivity" details="QUIC connection successful" run_id=8cf15e28-a69d-48ea-8b23-0ea6fc01c271 status=pass target=region2.v2.argotunnel.com
2026-10-06T10:02:16Z INF precheck component="TCP Connectivity" details="HTTP/2 connection successful" run_id=8cf15e28-a69d-48ea-8b23-0ea6fc01c271 status=pass target=region1.v2.argotunnel.com
2026-10-06T10:02:16Z INF precheck component="TCP Connectivity" details="HTTP/2 connection successful" run_id=8cf15e28-a69d-48ea-8b23-0ea6fc01c271 status=pass target=region2.v2.argotunnel.com
2026-10-06T10:02:16Z INF precheck component="Cloudflare API" details="API is reachable" run_id=8cf15e28-a69d-48ea-8b23-0ea6fc01c271 status=pass target=api.cloudflare.com:443
2026-10-06T10:02:16Z INF precheck complete hard_fail=false run_id=8cf15e28-a69d-48ea-8b23-0ea6fc01c271 suggested_protocol=quic
